Loaded package environment from /Users/leventerkok/.ghc/x86_64-darwin-9.2.2/environments/default

[SBV] tests/T02.hs:9:1 Proving "f", using Z3.
[Z3] Falsifiable. Counter-example:
  x = 0 :: Integer
  y = 1 :: Integer
