Loaded package environment from /Users/leventerkok/.ghc/x86_64-darwin-9.4.4/environments/default

[SBV] tests/T03.hs:10:1 Proving "f", using Z3.
[Z3] Q.E.D.
