Loaded package environment from /Users/leventerkok/.ghc/x86_64-darwin-8.10.1/environments/default

[SBV] tests/T04.hs:10:1 Proving "f", using Z3.
[Z3] Q.E.D.
