Loaded package environment from /Users/leventerkok/.ghc/x86_64-darwin-8.10.2/environments/default

[SBV] tests/T06.hs:10:1 Proving "f", using Z3.
[Z3] Falsifiable. Counter-example:
  x = -128 :: Int8
[SBV] Failed. (Use option 'IgnoreFailure' to continue.)
