Loaded package environment from test-modified path

[SBV] tests/T08.hs:14:1 Proving "f", using Z3.
[Z3] Falsifiable. Counter-example:
  x = 0.0 :: Double
[SBV] Failed. (Use option 'IgnoreFailure' to continue.)
