Loaded package environment from /Users/leventerkok/.ghc/x86_64-darwin-9.4.4/environments/default

[SBV] tests/T09.hs:10:1 QuickChecking "f", using Z3.
+++ OK, passed 100 tests.
