Loaded package environment from /Users/leventerkok/.ghc/x86_64-darwin-9.0.1/environments/default

[SBV] tests/T11.hs:15:1 Proving "f", using Z3.
[Z3] Falsifiable. Counter-example:
  x = 11 :: Integer
[SBV] Failed. (Use option 'IgnoreFailure' to continue.)
