Loaded package environment from /Users/leventerkok/.ghc/x86_64-darwin-8.10.2/environments/default

[SBV] tests/T12.hs:9:1 Proving "f", using Z3.
[Z3] Falsifiable. Counter-example:
  i =     2 :: Integer
  b = False :: Bool
[SBV] Failed. (Use option 'IgnoreFailure' to continue.)
