Loaded package environment from /Users/leventerkok/.ghc/x86_64-darwin-9.0.1/environments/default

[SBV] tests/T18.hs:11:1 Proving "f", using Z3.
** Calling: z3 -nw -in -smt2
[GOOD] ; Automatically generated by SBV. Do not edit.
[GOOD] (set-option :print-success true)
[GOOD] (set-option :global-declarations true)
[GOOD] (set-option :smtlib2_compliant true)
[GOOD] (set-option :diagnostic-output-channel "stdout")
[GOOD] (set-option :produce-models true)
[GOOD] (set-logic ALL) ; has user-defined sorts, using catch-all.
[GOOD] ; --- uninterpreted sorts ---
[GOOD] (declare-sort Age 0)  ; N.B. Uninterpreted sort.
[GOOD] ; --- tuples ---
[GOOD] ; --- sums ---
[GOOD] ; --- literal constants ---
[GOOD] ; --- skolem constants ---
[GOOD] (declare-fun s0 () Age) ; tracks user variable "a"
[GOOD] (declare-fun s1 () Age) ; tracks user variable "b"
[GOOD] ; --- constant tables ---
[GOOD] ; --- skolemized tables ---
[GOOD] ; --- arrays ---
[GOOD] ; --- uninterpreted constants ---
[GOOD] ; --- user given axioms ---
[GOOD] ; --- formula ---
[GOOD] (define-fun s2 () Bool (= s0 s1))
[GOOD] (assert (not s2))
[SEND] (check-sat)
[RECV] sat
[SEND] (get-value (s0))
[RECV] ((s0 Age!val!0))
[SEND] (get-value (s1))
[RECV] ((s1 Age!val!1))
*** Solver   : Z3
*** Exit code: ExitSuccess
[Z3] Falsifiable. Counter-example:
  a = Age!val!0 :: Age
  b = Age!val!1 :: Age
[SBV] Failed. (Use option 'IgnoreFailure' to continue.)
