Loaded package environment from /Users/leventerkok/Projects/sbvPlugin/.ghc.environment.x86_64-darwin-8.6.5

[SBV] tests/T21.hs:9:1 Proving "f", using Z3.
** Calling: z3 -nw -in -smt2
[GOOD] ; Automatically generated by SBV. Do not edit.
[GOOD] (set-option :print-success true)
[GOOD] (set-option :global-declarations true)
[GOOD] (set-option :smtlib2_compliant true)
[GOOD] (set-option :diagnostic-output-channel "stdout")
[GOOD] (set-option :produce-models true)
[GOOD] (set-logic ALL) ; has user-defined sorts, using catch-all.
[GOOD] ; --- uninterpreted sorts ---
[GOOD] (declare-sort sbvChar 0)  ; N.B. Uninterpreted: originating from sbvPlugin: tests/T21.hs:9:3
[GOOD] ; --- tuples ---
[GOOD] ; --- sums ---
[GOOD] ; --- literal constants ---
[GOOD] ; --- skolem constants ---
[GOOD] (declare-fun s0 () sbvChar) ; tracks user variable "c"
[GOOD] (declare-fun s1 () sbvChar) ; tracks user variable "s_1"
[GOOD] (declare-fun s2 () sbvChar) ; tracks user variable "s_2"
[GOOD] (declare-fun s3 () sbvChar) ; tracks user variable "s_3"
[GOOD] (declare-fun s4 () sbvChar) ; tracks user variable "s_4"
[GOOD] (declare-fun s5 () sbvChar) ; tracks user variable "s_5"
[GOOD] ; --- constant tables ---
[GOOD] ; --- skolemized tables ---
[GOOD] ; --- arrays ---
[GOOD] ; --- uninterpreted constants ---
[GOOD] ; --- user given axioms ---
[GOOD] ; --- formula ---
[GOOD] (assert false)
[SEND] (check-sat)
[RECV] unsat
*** Solver   : Z3
*** Exit code: ExitSuccess
[Z3] Q.E.D.
