Loaded package environment from /Users/leventerkok/.ghc/x86_64-darwin-9.2.2/environments/default

[SBV] tests/T22.hs:12:1 Proving "g", using Z3.
[Z3] Falsifiable. Counter-example:
  s0 = -257 :: Int64
[SBV] Failed. (Use option 'IgnoreFailure' to continue.)
