Loaded package environment from test-modified path

[SBV] tests/T23.hs:9:1 Proving "f", using Z3.
[Z3] Q.E.D.
