Loaded package environment from /Users/leventerkok/Projects/sbvPlugin/.ghc.environment.x86_64-darwin-8.6.5

[SBV] tests/T25.hs:9:1 Proving "f", using Z3.
[Z3] Q.E.D.
