Loaded package environment from /Users/leventerkok/.ghc/x86_64-darwin-9.4.4/environments/default

[SBV] tests/T26.hs:9:1 Proving "f", using Z3.
[Z3] Falsifiable
[SBV] Failed. (Use option 'IgnoreFailure' to continue.)
