Loaded package environment from test-modified path

[SBV] tests/T27.hs:9:1 Proving "g", using Z3.
** Calling: z3 -nw -in -smt2
[GOOD] ; Automatically generated by SBV. Do not edit.
[GOOD] (set-option :print-success true)
[GOOD] (set-option :global-declarations true)
[GOOD] (set-option :smtlib2_compliant true)
[GOOD] (set-option :diagnostic-output-channel "stdout")
[GOOD] (set-option :produce-models true)
[GOOD] (set-logic QF_BV)
[GOOD] ; --- uninterpreted sorts ---
[GOOD] ; --- tuples ---
[GOOD] ; --- sums ---
[GOOD] ; --- literal constants ---
[GOOD] ; --- skolem constants ---
[GOOD] ; --- constant tables ---
[GOOD] ; --- skolemized tables ---
[GOOD] ; --- arrays ---
[GOOD] ; --- uninterpreted constants ---
[GOOD] ; --- user given axioms ---
[GOOD] ; --- preQuantifier assignments ---
[GOOD] ; --- arrayDelayeds ---
[GOOD] ; --- arraySetups ---
[GOOD] ; --- formula ---
[GOOD] ; --- postQuantifier assignments ---
[GOOD] ; --- delayedEqualities ---
[GOOD] ; -- finalAssert ---
[GOOD] (assert false)
[SEND] (check-sat)
[RECV] unsat
*** Solver   : Z3
*** Exit code: ExitSuccess
[Z3] Q.E.D.
