Loaded package environment from /Users/leventerkok/.ghc/x86_64-darwin-8.10.1/environments/default

[SBV] tests/T28.hs:13:1 Proving "g", using Z3.
[Z3] Q.E.D.
