Loaded package environment from /Users/leventerkok/.ghc/x86_64-darwin-9.4.4/environments/default

[SBV] tests/T29.hs:13:1 Proving "g", using Z3.
[Z3] Falsifiable
[SBV] Failed. (Use option 'IgnoreFailure' to continue.)
