Loaded package environment from /Users/leventerkok/.ghc/x86_64-darwin-8.10.2/environments/default

[SBV] tests/T30.hs:9:1 Proving "f", using Z3.
[Z3] Q.E.D.
