Loaded package environment from /Users/leventerkok/.ghc/x86_64-darwin-9.2.2/environments/default

[SBV] tests/T33.hs:9:1 Proving "f", using Z3.
[Z3] Falsifiable. Counter-example:
  x = 0 :: Int64

[SBV] tests/T33.hs:15:1 Proving "g", using Z3.
[Z3] Q.E.D.
