Loaded package environment from /Users/leventerkok/.ghc/x86_64-darwin-9.4.4/environments/default

[SBV] tests/T36.hs:9:1 Proving "f", using Z3.
[Z3] Q.E.D.

[SBV] tests/T36.hs:14:1 Proving "g", using Z3.
[Z3] Falsifiable. Counter-example:
  a =  64 :: Int64
  b = -65 :: Int64
  c = -65 :: Int64
