Loaded package environment from /Users/leventerkok/.ghc/x86_64-darwin-9.0.1/environments/default

[SBV] tests/T39.hs:9:1 Proving "f", using Z3.
[Z3] Falsifiable. Counter-example:
  p_1 = -1 :: Int64
  p_2 =  0 :: Int64
[SBV] Failed. (Use option 'IgnoreFailure' to continue.)
