Loaded package environment from /Users/leventerkok/.ghc/x86_64-darwin-8.10.2/environments/default

[SBV] tests/T48.hs:100:1-16 Proving "mergeSortCorrect", using Z3.
[Z3] Q.E.D.
