Loaded package environment from /Users/leventerkok/.ghc/x86_64-darwin-9.2.2/environments/default

[SBV] tests/T50.hs:8:1-18 Proving "integerAssociative", using Z3.
[Z3] Q.E.D.

[SBV] tests/T50.hs:11:1-6 Proving "isTrue", using Z3.
[Z3] Q.E.D.
